// Jest Snapshot v1, https://goo.gl/fbAQLP

exports[`default 1`] = `
<button
  className="sc-bdVaJa kvEjbm"
>
  Default Button
</button>
`;
